// Jest Snapshot v1, https://goo.gl/fbAQLP

exports[`It renders without a App 1`] = `"hello!"`;
